{
    "Should run without failures": {
        "content": [
            33,
            "test.vif.prelim.refined.tsv:md5,17b26b7a86d61206154ca3e2df02fc48",
            "novirus.VirusDetect.igvjs.bam:md5,6bdf644f606b6259de1bf650dbaf154c",
            "novirus.VirusDetect.sorted.igvjs.bam:md5,58f2479e15189b9efa988457043b9751",
            "test.VirusDetect.igvjs.bam:md5,774c15742e93b439ff8c31030d0982e7",
            "test.VirusDetect.sorted.igvjs.bam:md5,57208f63678c6bb9cb50445021587f7d",
            "test.VirusDetect.virus_read_counts_summary.tsv:md5,c051eb1a25e4741c43274589f75b80b6"
        ],
        "timestamp": "2023-11-29T17:23:30+0000"
    }
}
