{
    "Should run without failures": {
        "content": [
            {
                "0": [
                    "software_versions.yml:md5,0fa1d12894759924e39ab0d596bdb520"
                ],
                "1": [
                    "software_versions_mqc.yml:md5,f30be68a8e770ae315c5d9b0353d9810"
                ],
                "2": [
                    "versions.yml:md5,3843ac526e762117eedf8825b40683df"
                ],
                "mqc_yml": [
                    "software_versions_mqc.yml:md5,f30be68a8e770ae315c5d9b0353d9810"
                ],
                "versions": [
                    "versions.yml:md5,3843ac526e762117eedf8825b40683df"
                ],
                "yml": [
                    "software_versions.yml:md5,0fa1d12894759924e39ab0d596bdb520"
                ]
            }
        ],
        "timestamp": "2023-11-29T17:13:55+0000"
    }
}